[stemphone.org/index.html]
[backblue.gif]
[fade.gif]
[index.html]
[stemphone.org/wp-content/plugins/advanced-scrollbar/build/cursorda20.css]
[stemphone.org/wp-content/plugins/advanced-scrollbar/build/scrollbarda20.css]
[stemphone.org/wp-content/plugins/cleantalk-spam-protect/css/cleantalk-public.minc479.css]
[stemphone.org/wp-content/plugins/cleantalk-spam-protect/css/cleantalk-email-decoder.minc479.css]
[stemphone.org/wp-content/plugins/popups-for-divi/styles/front.minee9a.css]
[stemphone.org/wp-content/themes/Divi-April-2025/includes/builder/styles/images/preloader.gif]
[stemphone.org/wp-content/themes/Divi-April-2025/core/admin/fonts/modules/all/modules.eot]
[stemphone.org/feed/index.html]
[stemphone.org/wp-content/et-cache/10/et-divi-dynamic-108711.css]
[stemphone.org/wp-includes/js/jquery/jquery.minf43b.js]
[stemphone.org/wp-includes/js/jquery/jquery-migrate.min5589.js]
[stemphone.org/wp-content/plugins/advanced-scrollbar/assets/js/jquery.nicescroll.minda20.js]
[stemphone.org/wp-content/plugins/cleantalk-spam-protect/js/apbct-public-bundle.minc479.js]
[fd.cleantalk.org/ct-bot-detector-wrapper1286.js]
[stemphone.org/wp-content/plugins/popups-for-divi/scripts/ie-compat.minee9a.js]
[stemphone.org/wp-json/wp/v2/pages/10.json]
[stemphone.org/xmlrpc0db0.php]
[stemphone.org/wp-json/index.html]
[stemphone.org/wp-json/oembed/1.0/embede28a.json]
[stemphone.org/wp-json/oembed/1.0/embed16cc]
[stemphone.org/wp-content/et-cache/10/et-core-unified-deferred-10.min058a.css]
[stemphone.org/wp-content/uploads/2024/02/wifi-battery-symbols.webp]
[stemphone.org/wp-content/uploads/2024/02/STEM-Icon.webp]
[stemphone.org/wp-content/uploads/2024/02/Nasa-Icon.webp]
[stemphone.org/wp-content/uploads/2024/02/IEEE-Icon.webp]
[stemphone.org/wp-content/uploads/2024/02/Music-Icon.webp]
[stemphone.org/wp-content/uploads/2024/02/Photos-Icon.webp]
[stemphone.org/wp-content/uploads/2024/02/Youtube-Icon.webp]
[stemphone.org/wp-content/uploads/2024/02/Quiz-Icon.webp]
[stemphone.org/wp-content/uploads/2024/02/Robots-Icon.webp]
[stemphone.org/wp-content/uploads/2024/02/Morse-Code-Icon.webp]
[stemphone.org/wp-content/uploads/2024/02/Calculator-Icon.webp]
[stemphone.org/wp-content/uploads/2024/02/Games-Icon.webp]
[stemphone.org/wp-content/uploads/2025/03/data-icon.png]
[stemphone.org/wp-content/uploads/2024/02/Donate-Icon.webp]
[stemphone.org/wp-content/uploads/2024/05/Flashlight-Icon.webp]
[stemphone.org/wp-content/uploads/2025/04/UTSA-app.png]
[stemphone.org/wp-content/uploads/2024/02/Phone-Icon.webp]
[stemphone.org/wp-content/uploads/2024/02/Facetime-Icon.webp]
[stemphone.org/wp-content/uploads/2024/02/Messages-Icon.webp]
[stemphone.org/wp-content/uploads/2024/02/Mail-Icon.webp]
[stemphone.org/wp-content/uploads/2025/05/Intern-RD-Logo-Black-scaled.png]
[stemphone.org/wp-content/uploads/2025/05/NSF-Logo-scaled.png]
[stemphone.org/wp-content/uploads/2025/04/Rowdy_2color_onBlue-scaled.png]
[stemphone.org/wp-content/uploads/2025/04/Sandra.png]
[stemphone.org/wp-content/uploads/2025/04/khanh.png]
[stemphone.org/wp-content/uploads/2025/04/Monse.png]
[stemphone.org/wp-content/uploads/2025/04/michael.png]
[stemphone.org/wp-content/uploads/2025/04/Ernesto.png]
[stemphone.org/wp-content/uploads/2025/04/Allo.png]
[stemphone.org/wp-content/uploads/2025/04/Votion.png]
[stemphone.org/wp-content/uploads/2025/04/Clif.png]
[stemphone.org/wp-content/uploads/2024/02/ernest-franke.webp]
[stemphone.org/wp-content/uploads/2025/04/1.png]
[stemphone.org/wp-content/uploads/2025/04/2.png]
[stemphone.org/wp-content/uploads/2025/04/3-scaled.jpg]
[stemphone.org/wp-content/uploads/2025/04/4.jpg]
[stemphone.org/wp-content/uploads/2025/04/5.png]
[stemphone.org/wp-content/uploads/2025/04/6.jpg]
[stemphone.org/wp-content/uploads/2025/05/IMG_0023-scaled.jpg]
[stemphone.org/wp-content/uploads/2025/05/IMG_0024-scaled.jpg]
[stemphone.org/wp-content/uploads/2025/05/20250419_104159-scaled.jpg]
[stemphone.org/wp-content/uploads/2025/05/20250419_105037-scaled.jpg]
[stemphone.org/wp-content/uploads/2025/05/20250419_105150-scaled.jpg]
[stemphone.org/wp-content/uploads/2025/05/20250419_120900-scaled.jpg]
[stemphone.org/wp-content/uploads/2025/05/IMG_0012-scaled.jpg]
[stemphone.org/wp-content/uploads/2025/05/IMG_0014-scaled.jpg]
[stemphone.org/wp-content/uploads/2025/05/IMG_0016-scaled.jpg]
[stemphone.org/wp-content/uploads/2025/05/IMG_0018-scaled.jpg]
[stemphone.org/wp-content/uploads/2025/05/IMG_0021-scaled.jpg]
[stemphone.org/wp-content/uploads/2024/02/SAMSAT-PURPLE-ICON.webp]
[stemphone.org/wp-content/uploads/2024/02/PORT-SA-Icon.webp]
[stemphone.org/wp-content/uploads/2024/02/DSEC-Iconx2.webp]
[stemphone.org/wp-content/uploads/2024/02/Aviation-Icon.webp]
[stemphone.org/wp-content/uploads/2024/02/Space-Icon.webp]
[stemphone.org/wp-content/uploads/2024/02/Operations-Center-Icon.webp]
[stemphone.org/wp-content/uploads/2024/02/VR-ICON.webp]
[stemphone.org/wp-content/uploads/2024/02/AI-Icon.webp]
[stemphone.org/wp-content/uploads/2024/02/AV-Icon.webp]
[stemphone.org/wp-content/uploads/2024/02/Computer-Icon.webp]
[stemphone.org/wp-content/uploads/2024/02/IT-Icon.webp]
[stemphone.org/wp-content/uploads/2024/04/Samsat-small-logo.png]
[stemphone.org/wp-content/uploads/2024/04/David-Monroe-Board.png]
[stemphone.org/wp-content/uploads/2024/04/Dominic-Papagani-smallx3.webp]
[stemphone.org/wp-content/uploads/2024/04/Allison-Levine-Board-small.webp]
[stemphone.org/wp-content/uploads/2024/04/Philip-Nelson-icon-small.webp]
[stemphone.org/wp-content/uploads/2024/04/Rick-Maldonado-Board-small.webp]
[stemphone.org/wp-content/uploads/2024/04/Rudy-Board-small.webp]
[stemphone.org/wp-content/uploads/2025/05/unknown3.jpg]
[stemphone.org/wp-content/uploads/2024/02/Port_San_Antonio_logo-copy.webp]
[stemphone.org/wp-content/uploads/2024/02/Jim-P-Icon.webp]
[stemphone.org/wp-content/uploads/2024/02/Curtis-Casey-Icon.webp]
[stemphone.org/wp-content/uploads/2024/02/Adrienne-Cox-Icon.webp]
[stemphone.org/wp-content/uploads/2024/02/Rick-Crider-Icon.webp]
[stemphone.org/wp-content/uploads/2024/02/Pat-Cruzen-Icon.webp]
[stemphone.org/wp-content/uploads/2024/02/Caroline-Diaz-Icon.webp]
[stemphone.org/wp-content/uploads/2024/02/Paco-Felici-Icon.webp]
[stemphone.org/wp-content/uploads/2024/02/Juan-Antonio-Flores-Icon.webp]
[stemphone.org/wp-content/uploads/2024/02/Ramon-Flores-Icon.webp]
[stemphone.org/wp-content/uploads/2024/02/Will-Garrett-Icon.webp]
[stemphone.org/wp-content/uploads/2024/02/Marcel-Johnson-Icon.webp]
[stemphone.org/wp-content/uploads/2024/02/Abigail-icon.webp]
[stemphone.org/wp-content/uploads/2024/02/jim-perschbach_0.jpg]
[stemphone.org/wp-content/uploads/2024/02/curtis-casey.jpg]
[stemphone.org/wp-content/uploads/2024/02/adrienne-cox.jpg]
[stemphone.org/wp-content/uploads/2024/02/rick-crider.jpg]
[stemphone.org/wp-content/uploads/2024/02/patrick-cruzen-cfo.jpg]
[stemphone.org/wp-content/uploads/2024/02/caroline-diaz.jpg]
[stemphone.org/wp-content/uploads/2024/02/paco-felici.jpg]
[stemphone.org/wp-content/uploads/2024/02/Juan-Antonio-potrait-pic.jpg]
[stemphone.org/wp-content/uploads/2024/02/ray-flores.jpg]
[stemphone.org/wp-content/uploads/2024/02/will-garrett-portsa-133x166-1.jpg]
[stemphone.org/wp-content/uploads/2024/02/marcel-johnson.jpg]
[stemphone.org/wp-content/uploads/2024/02/Abi-Ottmers-4.jpg]
[stemphone.org/wp-content/uploads/2024/02/IEEE-logo.webp]
[stemphone.org/wp-content/uploads/2024/02/WaLt-Downing.webp]
[stemphone.org/wp-content/uploads/2024/02/Nils-Smith.webp]
[stemphone.org/wp-content/uploads/2024/02/t-scott-atkinson.webp]
[stemphone.org/wp-content/uploads/2025/05/patrick.jpg]
[stemphone.org/wp-content/uploads/2025/05/unknown3-1.jpg]
[stemphone.org/wp-content/uploads/2024/02/Joe-Redfield.webp]
[stemphone.org/wp-content/uploads/2024/02/Jennifer-Henriquez.webp]
[stemphone.org/wp-content/uploads/2024/02/Nasa-5.jpg]
[stemphone.org/wp-content/uploads/2024/02/Nasa-8.jpg]
[stemphone.org/wp-content/uploads/2025/05/carina-nebula-11147_1280.jpg]
[stemphone.org/wp-content/uploads/2024/02/Nasa-9-scaled.jpg]
[stemphone.org/wp-content/uploads/2024/02/Nasa-10.jpg]
[stemphone.org/wp-content/uploads/2024/02/Nasa-vertical-snag7.jpg]
[stemphone.org/wp-content/uploads/2025/05/cassiopeia-a-11180_1920.jpg]
[stemphone.org/wp-content/uploads/2024/02/Nasa-vertical-snag6.jpg]
[stemphone.org/wp-content/uploads/2024/02/Nasa-vertical-snag5.jpg]
[stemphone.org/wp-content/uploads/2024/02/Nasa-vertical-snag4.jpg]
[stemphone.org/wp-content/uploads/2025/05/cats-eye-nebula-11162_1280.jpg]
[stemphone.org/wp-content/uploads/2024/02/Nasa-vertical-snag3.jpg]
[stemphone.org/wp-content/uploads/2024/02/Nasa-vertical-snag2.jpg]
[stemphone.org/wp-content/uploads/2025/05/helix-nebula-11156_1920.jpg]
[stemphone.org/wp-content/uploads/2025/05/rocket-propulsion-516046_1920.jpg]
[stemphone.org/wp-content/uploads/2025/05/kennedy-space-center-585611_1920.jpg]
[stemphone.org/wp-content/uploads/2025/05/endeavor-11044_1920.jpg]
[stemphone.org/wp-content/uploads/2025/05/eagle-nebula-11172_1920.jpg]
[stemphone.org/wp-content/uploads/2025/05/astronaut-11103_1920.jpg]
[stemphone.org/wp-content/uploads/2025/05/cone-nebula-11178_1920.jpg]
[stemphone.org/wp-content/uploads/2025/05/mars-11012_1920.jpg]
[stemphone.org/wp-content/uploads/2025/05/astronaut-and-astronaut-1151684_1920.jpg]
[stemphone.org/wp-content/uploads/2025/05/ngc-6302-11152_1920.jpg]
[stemphone.org/wp-content/uploads/2025/05/messier-82-11179_1920.jpg]
[stemphone.org/wp-content/uploads/2025/05/eagle-nebula-11150_1920.jpg]
[stemphone.org/wp-content/uploads/2025/05/astronaut-11080_1920.jpg]
[stemphone.org/wp-content/uploads/2025/05/neptune-67537_1920.jpg]
[stemphone.org/wp-content/uploads/2025/05/astronaut-11103_1920-1.jpg]
[stemphone.org/wp-content/uploads/2024/04/DSEC-Page1-scaled.webp]
[stemphone.org/wp-content/uploads/2024/03/robotics-engineer-working-on-maintenance-of-roboti-2023-11-27-05-28-47-utc-scaled.jpg]
[stemphone.org/wp-content/uploads/2024/03/children-learning-ai-technology-robot-with-artific-2023-11-27-05-18-02-utc-scaled.jpg]
[stemphone.org/wp-content/uploads/2024/03/group-of-college-or-university-engineering-student-2024-02-09-14-43-34-utc.jpg]
[stemphone.org/wp-content/uploads/2024/04/Apps-Image.webp]
[stemphone.org/wp-content/uploads/2024/02/iMessage-scaled.webp]
[stemphone.org/wp-content/uploads/2024/04/Google-Maps-Area21-open.webp]
[stemphone.org/wp-content/uploads/2024/05/Samsat-photos1-1.webp]
[stemphone.org/wp-content/uploads/2024/05/Samsat-photos2-1.webp]
[stemphone.org/wp-content/uploads/2024/05/Samsat-photos4.webp]
[stemphone.org/wp-content/uploads/2024/05/Samsat-photos3.webp]
[stemphone.org/wp-content/uploads/2024/02/Cyber-Scecuiry-Icon.webp]
[stemphone.org/wp-content/uploads/2024/02/Augmented-Reality-iconx2.webp]
[stemphone.org/wp-content/uploads/2024/02/Autonomous-Vehicle-Icon.webp]
[stemphone.org/wp-content/uploads/2024/02/Advanced-Manufacturing-Icon.webp]
[stemphone.org/wp-content/uploads/2024/02/Tesla-Coil-Icon.webp]
[stemphone.org/wp-content/uploads/2024/02/Critical-Infrastructure-Iconx2.webp]
[stemphone.org/wp-content/uploads/2024/02/Stem-Eclipse-Icon.webp]
[stemphone.org/wp-content/uploads/2024/02/Stem-Eclipse-Iconx2.webp]
[cdn.logwork.com/widget/clock.js]
[cdn.logwork.com/widget/digital.js]
[stemphone.org/wp-content/uploads/2024/02/international_morse_code.png]
[stemphone.org/wp-content/uploads/2024/02/Launch-Dreams-Beyond-the-Starsx2-scaled.webp]
[stemphone.org/wp-content/uploads/2024/02/Donate-Scan-Me-scaled.webp]
[stemphone.org/wp-content/uploads/2024/02/Transforms-Dreams-Into-A-Realityx2-scaled.webp]
[stemphone.org/wp-content/uploads/2024/08/Tesla-Coils.mp4]
[stemphone.org/wp-content/uploads/2025/04/SAMSAT-Phone.png]
[stemphone.org/wp-content/uploads/2025/02/solitaire_icon-150x150.png]
[stemphone.org/wp-content/uploads/2025/04/mahjong-150x150.png]
[stemphone.org/wp-content/uploads/2025/03/chess-150x150.png]
[stemphone.org/wp-content/uploads/2025/04/jigsaw-150x150.png]
[stemphone.org/wp-content/uploads/2025/04/Sudoku-150x150.png]
[stemphone.org/wp-content/uploads/2024/03/Acess-deniedx2-scaled.webp]
[stemphone.org/wp-content/uploads/2024/05/google-search.webp]
[stemphone.org/wp-content/uploads/2024/05/David-Sammy.webp]
[stemphone.org/wp-content/uploads/2024/08/Sammy-Drive-QR-code.png]
[stemphone.org/wp-content/uploads/2024/08/Drive-Now-3.webp]
[stemphone.org/wp-content/uploads/2024/08/Connect-Buttonx2.webp]
[weatherwidget.io/js/widget.min.js]
[stemphone.org/wp-content/uploads/2024/08/the-history-of-boeing-aviation-v0-qbf8n6b497ga1.png.webp]
[stemphone.org/wp-content/uploads/2024/08/the-history-of-boeing-aviation-v0-qbf8n6b497ga1.png-white.webp]
[stemphone.org/wp-content/uploads/2024/08/the-history-of-boeing-plane.webp]
[stemphone.org/wp-content/uploads/2024/08/wright-flyer2.webp]
[stemphone.org/wp-content/uploads/2024/08/astronaut-in-space.jpg]
[stemphone.org/wp-content/uploads/2024/08/01_astronaut_Yes-Outer-Space-Has-a-Smell—Heres-What-It-Smells-Like_241509286_Andrey-Armyagov.jpg]
[stemphone.org/wp-content/uploads/2024/08/Global-outer-space-guide-Hero-banner.jpg]
[stemphone.org/wp-content/uploads/2024/08/images.jpg]
[stemphone.org/wp-content/uploads/2024/08/Artificial_Intelligence__AI__Machine_Learning_-_30212411048.jpg]
[stemphone.org/wp-content/uploads/2024/08/real-ai.jpg]
[stemphone.org/wp-content/uploads/2024/08/StableRep2-transformed.png]
[stemphone.org/wp-content/uploads/2024/08/the-15-most-popular-ai-tools-in-2023.jpg.webp]
[stemphone.org/wp-includes/js/mediaelement/mediaelementplayer-legacy.min1f61.css]
[stemphone.org/wp-includes/js/mediaelement/wp-mediaelement.min107a.css]
[stemphone.org/wp-content/plugins/radio-player-premium/assets/css/frontendeb5b.css]
[stemphone.org/wp-includes/css/dist/block-library/style.min107a.css]
[stemphone.org/wp-includes/js/dist/vendor/react.mine1ab.js]
[stemphone.org/wp-includes/js/dist/vendor/react-dom.mine1ab.js]
[stemphone.org/wp-includes/js/underscore.min3ab8.js]
[stemphone.org/wp-includes/js/wp-util.min107a.js]
[stemphone.org/wp-content/plugins/advanced-scrollbar/build/cursorda20.js]
[stemphone.org/wp-content/plugins/advanced-scrollbar/build/scrollbarda20.js]
[stemphone.org/wp-content/plugins/popups-for-divi/scripts/front.minee9a.js]
[stemphone.org/wp-content/themes/Divi-April-2025/js/scripts.min41c1.js]
[stemphone.org/wp-content/themes/Divi-April-2025/includes/builder/feature/dynamic-assets/assets/js/jquery.fitvids41c1.js]
[stemphone.org/wp-content/themes/Divi-April-2025/includes/builder/feature/dynamic-assets/assets/js/magnific-popup41c1.js]
[stemphone.org/wp-content/themes/Divi-April-2025/includes/builder/feature/dynamic-assets/assets/js/salvattore41c1.js]
[stemphone.org/wp-content/themes/Divi-April-2025/core/admin/js/common41c1.js]
[stemphone.org/wp-includes/js/mediaelement/mediaelement-and-player.min1f61.js]
[stemphone.org/wp-includes/js/mediaelement/mediaelement-migrate.min107a.js]
[stemphone.org/wp-includes/js/mediaelement/wp-mediaelement.min107a.js]
[stemphone.org/wp-includes/js/dist/hooks.min4fdd.js]
[stemphone.org/wp-includes/js/dist/i18n.minc33c.js]
[stemphone.org/wp-content/plugins/radio-player-premium/assets/vendor/hls.min107a.js]
[stemphone.org/index.html]
[stemphone.org/xmlrpc.php]
[stemphone.org/wp-content/plugins/advanced-scrollbar/build/cursorda20.css]
[stemphone.org/wp-content/plugins/advanced-scrollbar/build/scrollbarda20.css]
[stemphone.org/wp-content/plugins/radio-player-premium/assets/js/frontendeb5b.js]
[stemphone.org/wp-content/plugins/cleantalk-spam-protect/css/images/checking_email.gif]
[stemphone.org/wp-content/plugins/cleantalk-spam-protect/css/cleantalk-public.minc479.css]
[stemphone.org/wp-content/plugins/cleantalk-spam-protect/css/cleantalk-email-decoder.minc479.css]
[stemphone.org/wp-content/plugins/popups-for-divi/images/spin.gif]
[stemphone.org/wp-content/plugins/popups-for-divi/styles/front.minee9a.css]
[stemphone.org/wp-content/plugins/popups-for-divi/styles/front-popuphidden.minee9a.css]
[stemphone.org/wp-content/et-cache/10/et-divi-dynamic-108711.css]
[stemphone.org/wp-content/uploads/2024/02/Tesla-Coil-bkg.webp]
[stemphone.org/wp-content/et-cache/10/et-core-unified-deferred-10.min058a.css]
[stemphone.org/wp-includes/js/mediaelement/mediaelementplayer-legacy.min1f61.css]
[stemphone.org/wp-includes/js/mediaelement/wp-mediaelement.min107a.css]
[stemphone.org/wp-content/plugins/radio-player-premium/assets/css/frontendeb5b.css]
[stemphone.org/wp-includes/css/dist/block-library/style.min107a.css]
[stemphone.org/wp-content/plugins/cleantalk-spam-protect/css/images/good_email.svg]
[stemphone.org/wp-content/plugins/cleantalk-spam-protect/css/images/bad_email.svg]
[stemphone.org/wp-includes/js/mediaelement/mejs-controls.svg]
